
> sites-project@0.1.0 build
> vinext build


  vinext build  (Vite 8.0.13)

[1/5] analyze client references...
[2K
transforming...✓ 225 modules transformed.
rendering chunks...
[PLUGIN_TIMINGS] Your build spent significant time in plugins. Here is a breakdown:
  - vinext:middleware-server-only (17%)
  - rsc:virtual-client-package (15%)
  - vinext:og-inline-fetch-assets (13%)
  - vinext:css-data-url (10%)
  - alias (8%)
See https://rolldown.rs/options/checks#plugintimings for more details.

✓ built in 22.64s
[2/5] analyze server references...
[2K
transforming...✓ 114 modules transformed.
rendering chunks...
✓ built in 12.06s
[3/5] build rsc environment...
[2K
transforming...✓ 222 modules transformed.
rendering chunks...
computing gzip size...
✓ built in 14.23s
[4/5] build client environment...
[2K
transforming...✓ 160 modules transformed.
rendering chunks...
computing gzip size...
[PLUGIN_TIMINGS] Your build spent significant time in plugins. Here is a breakdown:
  - vinext:css-data-url (23%)
  - vinext:og-inline-fetch-assets (18%)
  - vinext:validate-middleware-exports (11%)
  - vinext:middleware-server-only (10%)
  - alias (7%)
See https://rolldown.rs/options/checks#plugintimings for more details.

✓ built in 19.59s
[5/5] build ssr environment...
[2K
transforming...✓ 120 modules transformed.
rendering chunks...
computing gzip size...
✓ built in 14.54s
[0m
  Route (app)
  ─ ? /

  ? Unknown

  ? Some routes could not be classified. vinext currently uses static analysis
    and cannot detect dynamic API usage (headers(), cookies(), etc.) at build time.
    Automatic classification will be improved in a future release.
  Build complete. Run `vinext start` to start the production server.

